Microchip MPLAB XC8 Compiler V2.05 ()

Linker command line:

-W-3 --edf=/Applications/microchip/xc8/v2.05/pic/dat/en_msgs.txt -cs \
  -h+dist/default/production/Car_Sensor.X.production.sym \
  --cmf=dist/default/production/Car_Sensor.X.production.cmf -z -Q16F18855 \
  -o/tmp/xcBVO5LnO --defsym=__MPLAB_BUILD=1 \
  -Mdist/default/production/Car_Sensor.X.production.map -E1 -ver=XC8 \
  --acfsm=1493 -ASTACK=02017h-023EFh -pstack=STACK -ACODE=00h-07FFhx4 \
  -ASTRCODE=00h-01FFFh -ASTRING=00h-0FFhx32 -ACONST=00h-0FFhx32 \
  -AENTRY=00h-0FFhx32 -ACOMMON=070h-07Fh -ABANK0=020h-06Fh \
  -ABANK1=0A0h-0EFh -ABANK2=0120h-016Fh -ABANK3=01A0h-01EFh \
  -ABANK4=0220h-026Fh -ABANK5=02A0h-02EFh -ABANK6=0320h-036Fh \
  -ABANK7=03A0h-03EFh -ABANK8=0420h-046Fh -ABANK9=04A0h-04EFh \
  -ABANK10=0520h-056Fh -ABANK11=05A0h-05EFh -ABANK12=0620h-064Fh \
  -ABIGRAM=02000h-023EFh \
  -ARAM=020h-06Fh,0A0h-0EFh,0120h-016Fh,01A0h-01EFh,0220h-026Fh,02A0h-02EFh,0320h-036Fh,03A0h-03EFh,0420h-046Fh,04A0h-04EFh,0520h-056Fh,05A0h-05EFh,0620h-064Fh \
  -AABS1=020h-07Fh,0A0h-0EFh,0120h-016Fh,01A0h-01EFh,0220h-026Fh,02A0h-02EFh,0320h-036Fh,03A0h-03EFh,0420h-046Fh,04A0h-04EFh,0520h-056Fh,05A0h-05EFh,0620h-064Fh \
  -ASFR0=00h-01Fh -ASFR1=080h-09Fh -ASFR2=0100h-011Fh -ASFR3=0180h-019Fh \
  -ASFR4=0200h-021Fh -ASFR5=0280h-029Fh -ASFR6=0300h-031Fh \
  -ASFR7=0380h-039Fh -ASFR8=0400h-041Fh -ASFR9=0480h-049Fh \
  -ASFR10=0500h-051Fh -ASFR11=0580h-059Fh -ASFR12=0600h-061Fh \
  -ASFR13=0680h-06EFh -ASFR14=0700h-076Fh -ASFR15=0780h-07EFh \
  -ASFR16=0800h-086Fh -ASFR17=0880h-08EFh -ASFR18=0900h-096Fh \
  -ASFR19=0980h-09EFh -ASFR20=0A00h-0A6Fh -ASFR21=0A80h-0AEFh \
  -ASFR22=0B00h-0B6Fh -ASFR23=0B80h-0BEFh -ASFR24=0C00h-0C6Fh \
  -ASFR25=0C80h-0CEFh -ASFR26=0D00h-0D6Fh -ASFR27=0D80h-0DEFh \
  -ASFR28=0E00h-0E6Fh -ASFR29=0E80h-0EEFh -ASFR30=0F00h-0F6Fh \
  -ASFR31=0F80h-0FEFh -preset_vec=00h,intentry,init,end_init -ppowerup=CODE \
  -pcinit=CODE -pfunctab=ENTRY -ACONFIG=08007h-0800Bh -pconfig=CONFIG \
  -DCONFIG=2 -AIDLOC=08000h-08003h -pidloc=IDLOC -DIDLOC=2 \
  -AEEDATA=00h-0FFh/0F000h -peeprom_data=EEDATA -DEEDATA=2 -DCODE=2 \
  -DSTRCODE=2 -DSTRING=2 -DCONST=2 -DENTRY=2 -k /tmp/xcvT0zi0l.o \
  dist/default/production/Car_Sensor.X.production.o 

Object code version is 3.11

Machine type is 16F18855



                Name                               Link     Load   Length Selector   Space Scale
/tmp/xcvT0zi0l.o
                end_init                              2        2        2        0       0
                reset_vec                             0        0        2        0       0
                config                             8007     8007        5    1000E       0
dist/default/production/Car_Sensor.X.production.o
                cinit                               7F2      7F2        E      FE4       0
                text20                              5A7      5A7        9      B4E       0
                text19                              6C9      6C9       2E      D92       0
                text18                              59F      59F        8      B3E       0
                text17                              5C2      5C2        B      B84       0
                text16                              593      593        6      B26       0
                text15                              622      622       15      C44       0
                text14                              5CD      5CD        E      B9A       0
                text13                              5EA      5EA       10      BD4       0
                text12                              64D      64D       18      C9A       0
                text11                              680      680       1E      D00       0
                text10                              590      590        3      B20       0
                text9                               5DB      5DB        F      BB6       0
                text8                               6F7      6F7       35      DEE       0
                text7                               5B0      5B0        9      B60       0
                text6                               69E      69E       2B      D3C       0
                text5                               637      637       16      C6E       0
                text4                               5FA      5FA       14      BF4       0
                text3                               60E      60E       14      C1C       0
                text2                               665      665       1B      CCA       0
                text1                               784      784       6E      F08       0
                maintext                            72C      72C       58      E58       0
                cstackBANK0                          20       20        C       20       1
                cstackCOMMON                         70       70        E       70       1
                inittext                            599      599        6      B32       0
                dataBANK0                            2C       2C        9       20       1
                nvBANK0                              35       35        2       20       1
                idataBANK0                          5B9      5B9        9      B72       0

TOTAL           Name                               Link     Load   Length     Space
        CLASS   STACK          

        CLASS   CODE           
                end_init                              2        2        2         0
                cinit                               7F2      7F2        E         0
                reset_vec                             0        0        2         0
                text20                              5A7      5A7        9         0
                text19                              6C9      6C9       2E         0
                text18                              59F      59F        8         0
                text17                              5C2      5C2        B         0
                text16                              593      593        6         0
                text15                              622      622       15         0
                text14                              5CD      5CD        E         0
                text13                              5EA      5EA       10         0
                text12                              64D      64D       18         0
                text11                              680      680       1E         0
                text10                              590      590        3         0
                text9                               5DB      5DB        F         0
                text8                               6F7      6F7       35         0
                text7                               5B0      5B0        9         0
                text6                               69E      69E       2B         0
                text5                               637      637       16         0
                text4                               5FA      5FA       14         0
                text3                               60E      60E       14         0
                text2                               665      665       1B         0
                text1                               784      784       6E         0
                maintext                            72C      72C       58         0
                inittext                            599      599        6         0
                idataBANK0                          5B9      5B9        9         0

        CLASS   STRCODE        

        CLASS   STRING         

        CLASS   CONST          

        CLASS   ENTRY          

        CLASS   COMMON         
                cstackCOMMON                         70       70        E         1

        CLASS   BANK0          
                cstackBANK0                          20       20        C         1
                dataBANK0                            2C       2C        9         1
                nvBANK0                              35       35        2         1

        CLASS   BANK1          

        CLASS   BANK2          

        CLASS   BANK3          

        CLASS   BANK4          

        CLASS   BANK5          

        CLASS   BANK6          

        CLASS   BANK7          

        CLASS   BANK8          

        CLASS   BANK9          

        CLASS   BANK10         

        CLASS   BANK11         

        CLASS   BANK12         

        CLASS   BIGRAM         

        CLASS   RAM            

        CLASS   ABS1           
                abs_s1                               7E       7E        2         1

        CLASS   SFR0           

        CLASS   SFR1           

        CLASS   SFR2           

        CLASS   SFR3           

        CLASS   SFR4           

        CLASS   SFR5           

        CLASS   SFR6           

        CLASS   SFR7           

        CLASS   SFR8           

        CLASS   SFR9           

        CLASS   SFR10          

        CLASS   SFR11          

        CLASS   SFR12          

        CLASS   SFR13          

        CLASS   SFR14          

        CLASS   SFR15          

        CLASS   SFR16          

        CLASS   SFR17          

        CLASS   SFR18          

        CLASS   SFR19          

        CLASS   SFR20          

        CLASS   SFR21          

        CLASS   SFR22          

        CLASS   SFR23          

        CLASS   SFR24          

        CLASS   SFR25          

        CLASS   SFR26          

        CLASS   SFR27          

        CLASS   SFR28          

        CLASS   SFR29          

        CLASS   SFR30          

        CLASS   SFR31          

        CLASS   CONFIG         
                config                             8007     8007        5         0

        CLASS   IDLOC          

        CLASS   EEDATA         

        CLASS   BANK31         

        CLASS   BANK30         

        CLASS   BANK29         

        CLASS   BANK28         

        CLASS   BANK27         

        CLASS   BANK26         

        CLASS   BANK25         

        CLASS   BANK24         

        CLASS   BANK23         

        CLASS   BANK22         

        CLASS   BANK21         

        CLASS   BANK20         

        CLASS   BANK19         

        CLASS   BANK18         

        CLASS   BANK17         

        CLASS   BANK16         

        CLASS   BANK15         

        CLASS   BANK14         

        CLASS   BANK13         



SEGMENTS        Name                           Load    Length   Top    Selector   Space  Class     Delta

                text4                          0005FA  000014  00060E       BF4       0  CODE        2
                text5                          000637  000016  00064D       C6E       0  CODE        2
                text15                         000622  000015  000637       C44       0  CODE        2
                text3                          00060E  000014  000622       C1C       0  CODE        2
                reset_vec                      000000  000004  000004         0       0  CODE        2
                text13                         0005EA  000010  0005FA       BD4       0  CODE        2
                text9                          0005DB  00000F  0005EA       BB6       0  CODE        2
                text12                         00064D  000018  000665       C9A       0  CODE        2
                text11                         000680  00001E  00069E       D00       0  CODE        2
                text2                          000665  00001B  000680       CCA       0  CODE        2
                text14                         0005CD  00000E  0005DB       B9A       0  CODE        2
                idataBANK0                     0005B9  000009  0005C2       B72       0  CODE        2
                text17                         0005C2  00000B  0005CD       B84       0  CODE        2
                text6                          00069E  00002B  0006C9       D3C       0  CODE        2
                text1                          000784  00006E  0007F2       F08       0  CODE        2
                maintext                       00072C  000058  000784       E58       0  CODE        2
                text8                          0006F7  000035  00072C       DEE       0  CODE        2
                text19                         0006C9  00002E  0006F7       D92       0  CODE        2
                text16                         000593  000006  000599       B26       0  CODE        2
                text10                         000590  000003  000593       B20       0  CODE        2
                text18                         00059F  000008  0005A7       B3E       0  CODE        2
                inittext                       000599  000006  00059F       B32       0  CODE        2
                text20                         0005A7  000009  0005B0       B4E       0  CODE        2
                text7                          0005B0  000009  0005B9       B60       0  CODE        2
                cstackBANK0                    000020  000017  000037        20       1  BANK0       1
                cinit                          0007F2  00000E  000800       FE4       0  CODE        2
                cstackCOMMON                   000070  00000E  00007E        70       1  COMMON      1
                config                         008007  000005  00800C     1000E       0  CONFIG      2


UNUSED ADDRESS RANGES

        Name                Unused          Largest block    Delta
        BANK0            00037-0006F              39           1
        BANK1            000A0-000EF              50           1
        BANK10           00520-0056F              50           1
        BANK11           005A0-005EF              50           1
        BANK12           00620-0064F              30           1
        BANK2            00120-0016F              50           1
        BANK3            001A0-001EF              50           1
        BANK4            00220-0026F              50           1
        BANK5            002A0-002EF              50           1
        BANK6            00320-0036F              50           1
        BANK7            003A0-003EF              50           1
        BANK8            00420-0046F              50           1
        BANK9            004A0-004EF              50           1
        BIGRAM           02000-023EF             3F0           1
        CODE             00004-0058F             58C           2
                         00800-01FFF             800
        CONST            00004-0058F             100           2
                         00800-01FFF             100
        EEDATA           0F000-0F0FF             100           2
        ENTRY            00004-0058F             100           2
                         00800-01FFF             100
        IDLOC            08000-08003               4           2
        RAM              00037-0006F              39           1
                         000A0-000EF              50
                         00120-0016F              50
                         001A0-001EF              50
                         00220-0026F              50
                         002A0-002EF              50
                         00320-0036F              50
                         003A0-003EF              50
                         00420-0046F              50
                         004A0-004EF              50
                         00520-0056F              50
                         005A0-005EF              50
                         00620-0064F              30
        SFR0             00000-0001F              20           1
        SFR1             00080-0009F              20           1
        SFR10            00500-0051F              20           1
        SFR11            00580-0059F              20           1
        SFR12            00600-0061F              20           1
        SFR13            00680-006EF              70           1
        SFR14            00700-0076F              70           1
        SFR15            00780-007EF              70           1
        SFR16            00800-0086F              70           1
        SFR17            00880-008EF              70           1
        SFR18            00900-0096F              70           1
        SFR19            00980-009EF              70           1
        SFR2             00100-0011F              20           1
        SFR20            00A00-00A6F              70           1
        SFR21            00A80-00AEF              70           1
        SFR22            00B00-00B6F              70           1
        SFR23            00B80-00BEF              70           1
        SFR24            00C00-00C6F              70           1
        SFR25            00C80-00CEF              70           1
        SFR26            00D00-00D6F              70           1
        SFR27            00D80-00DEF              70           1
        SFR28            00E00-00E6F              70           1
        SFR29            00E80-00EEF              70           1
        SFR3             00180-0019F              20           1
        SFR30            00F00-00F6F              70           1
        SFR31            00F80-00FEF              70           1
        SFR4             00200-0021F              20           1
        SFR5             00280-0029F              20           1
        SFR6             00300-0031F              20           1
        SFR7             00380-0039F              20           1
        SFR8             00400-0041F              20           1
        SFR9             00480-0049F              20           1
        STACK            02017-023EF             3D9           1
        STRCODE          00004-0058F             58C           2
                         00800-01FFF            1800
        STRING           00004-0058F             100           2
                         00800-01FFF             100

                                  Symbol Table

?_TMR1_ReadTimer                           cstackCOMMON 00070
?___lwdiv                                  cstackBANK0  00020
?___wmul                                   cstackCOMMON 00070
NeoPixel_Stream@bitCount                   cstackCOMMON 00075
NeoPixel_Stream@count                      cstackCOMMON 00070
NeoPixel_Stream@data                       cstackCOMMON 00074
NeoPixel_Stream@p                          cstackCOMMON 00076
PWM7_LoadDutyValue@dutyValue               cstackCOMMON 00076
TMR1_ReadTimer@readVal                     cstackCOMMON 00077
TMR1_ReadTimer@readValHigh                 cstackCOMMON 00079
TMR1_ReadTimer@readValLow                  cstackCOMMON 0007A
TMR1_WriteTimer@timerVal                   cstackCOMMON 00070
_ANSELA                                    (abs)        00F38
_ANSELB                                    (abs)        00F43
_ANSELC                                    (abs)        00F4E
_CCPTMRS1bits                              (abs)        0021F
_LATA                                      (abs)        00016
_LATB                                      (abs)        00017
_LATC                                      (abs)        00018
_LATCbits                                  (abs)        00018
_NeoPixel_Stream                           text6        0069E
_NeoPixel_Stream$1073                      cstackCOMMON 00072
_ODCONA                                    (abs)        00F3A
_ODCONB                                    (abs)        00F45
_ODCONC                                    (abs)        00F50
_OSCCON1                                   (abs)        0088D
_OSCCON3                                   (abs)        0088F
_OSCEN                                     (abs)        00891
_OSCFRQ                                    (abs)        00893
_OSCILLATOR_Initialize                     text20       005A7
_OSCTUNE                                   (abs)        00892
_PIN_MANAGER_Initialize                    text19       006C9
_PIR4bits                                  (abs)        00710
_PMD0                                      (abs)        00796
_PMD1                                      (abs)        00797
_PMD2                                      (abs)        00798
_PMD3                                      (abs)        00799
_PMD4                                      (abs)        0079A
_PMD5                                      (abs)        0079B
_PMD_Initialize                            text18       0059F
_PR4                                       (abs)        00293
_PR6                                       (abs)        00299
_PWM7CON                                   (abs)        00392
_PWM7DCH                                   (abs)        00391
_PWM7DCL                                   (abs)        00390
_PWM7_Initialize                           text17       005C2
_PWM7_LoadDutyValue                        text5        00637
_RB5PPS                                    (abs)        00F1D
_RC3PPS                                    (abs)        00F23
_RC7PPS                                    (abs)        00F27
_SLRCONA                                   (abs)        00F3B
_SLRCONB                                   (abs)        00F46
_SLRCONC                                   (abs)        00F51
_SPI1_Initialize                           text16       00593
_SSP1ADD                                   (abs)        0018D
_SSP1BUF                                   (abs)        0018C
_SSP1CLKPPS                                (abs)        00EC5
_SSP1CON1                                  (abs)        00190
_SSP1CON1bits                              (abs)        00190
_SSP1DATPPS                                (abs)        00EC6
_SSP1STAT                                  (abs)        0018F
_SSP1STATbits                              (abs)        0018F
_SYSTEM_Initialize                         text12       0064D
_T1CLK                                     (abs)        00211
_T1CON                                     (abs)        0020E
_T1CONbits                                 (abs)        0020E
_T1GATE                                    (abs)        00210
_T1GCON                                    (abs)        0020F
_T1GCONbits                                (abs)        0020F
_T1GPPS                                    (abs)        00E93
_T4CLKCON                                  (abs)        00296
_T4CON                                     (abs)        00294
_T4CONbits                                 (abs)        00294
_T4HLT                                     (abs)        00295
_T4HLTbits                                 (abs)        00295
_T4PR                                      (abs)        00293
_T4RST                                     (abs)        00297
_T4RSTbits                                 (abs)        00297
_T4TMR                                     (abs)        00292
_T6CLKCON                                  (abs)        0029C
_T6CON                                     (abs)        0029A
_T6CONbits                                 (abs)        0029A
_T6HLT                                     (abs)        0029B
_T6HLTbits                                 (abs)        0029B
_T6PR                                      (abs)        00299
_T6RST                                     (abs)        0029D
_T6RSTbits                                 (abs)        0029D
_T6TMR                                     (abs)        00298
_TMR1GIF                                   (abs)        03888
_TMR1H                                     (abs)        0020D
_TMR1L                                     (abs)        0020C
_TMR1_Initialize                           text15       00622
_TMR1_ReadTimer                            text11       00680
_TMR1_StartSinglePulseAcquisition          text10       00590
_TMR1_WriteTimer                           text9        005DB
_TMR4                                      (abs)        00292
_TMR4_Initialize                           text14       005CD
_TMR6                                      (abs)        00298
_TMR6_Initialize                           text13       005EA
_TRISA                                     (abs)        00011
_TRISB                                     (abs)        00012
_TRISC                                     (abs)        00013
_WPUA                                      (abs)        00F39
_WPUB                                      (abs)        00F44
_WPUC                                      (abs)        00F4F
_WPUE                                      (abs)        00F65
__CFG_BOREN$ON                             (abs)        00000
__CFG_BORV$LO                              (abs)        00000
__CFG_CLKOUTEN$OFF                         (abs)        00000
__CFG_CP$OFF                               (abs)        00000
__CFG_CPD$OFF                              (abs)        00000
__CFG_CSWEN$ON                             (abs)        00000
__CFG_DEBUG$OFF                            (abs)        00000
__CFG_FCMEN$ON                             (abs)        00000
__CFG_FEXTOSC$OFF                          (abs)        00000
__CFG_LPBOREN$OFF                          (abs)        00000
__CFG_LVP$ON                               (abs)        00000
__CFG_MCLRE$ON                             (abs)        00000
__CFG_PPS1WAY$ON                           (abs)        00000
__CFG_PWRTE$OFF                            (abs)        00000
__CFG_RSTOSC$HFINT1                        (abs)        00000
__CFG_SCANE$available                      (abs)        00000
__CFG_STVREN$ON                            (abs)        00000
__CFG_WDTCCS$SC                            (abs)        00000
__CFG_WDTCPS$WDTCPS_31                     (abs)        00000
__CFG_WDTCWS$WDTCWS_7                      (abs)        00000
__CFG_WDTE$OFF                             (abs)        00000
__CFG_WRT$OFF                              (abs)        00000
__CFG_ZCD$OFF                              (abs)        00000
__Habs1                                    abs1         00000
__Hbank0                                   bank0        00000
__Hbank1                                   bank1        00000
__Hbank10                                  bank10       00000
__Hbank11                                  bank11       00000
__Hbank12                                  bank12       00000
__Hbank13                                  bank13       00000
__Hbank14                                  bank14       00000
__Hbank15                                  bank15       00000
__Hbank16                                  bank16       00000
__Hbank17                                  bank17       00000
__Hbank18                                  bank18       00000
__Hbank19                                  bank19       00000
__Hbank2                                   bank2        00000
__Hbank20                                  bank20       00000
__Hbank21                                  bank21       00000
__Hbank22                                  bank22       00000
__Hbank23                                  bank23       00000
__Hbank24                                  bank24       00000
__Hbank25                                  bank25       00000
__Hbank26                                  bank26       00000
__Hbank27                                  bank27       00000
__Hbank28                                  bank28       00000
__Hbank29                                  bank29       00000
__Hbank3                                   bank3        00000
__Hbank30                                  bank30       00000
__Hbank31                                  bank31       00000
__Hbank4                                   bank4        00000
__Hbank5                                   bank5        00000
__Hbank6                                   bank6        00000
__Hbank7                                   bank7        00000
__Hbank8                                   bank8        00000
__Hbank9                                   bank9        00000
__Hbigram                                  bigram       00000
__Hcinit                                   cinit        00800
__Hclrtext                                 clrtext      00000
__Hcode                                    code         00000
__Hcommon                                  common       00000
__Hconfig                                  config       0800C
__HcstackBANK0                             cstackBANK0  00000
__HcstackCOMMON                            cstackCOMMON 00000
__HdataBANK0                               dataBANK0    00000
__Heeprom_data                             eeprom_data  00000
__Hend_init                                end_init     00004
__Hfunctab                                 functab      00000
__HidataBANK0                              idataBANK0   00000
__Hidloc                                   idloc        00000
__Hinit                                    init         00002
__Hinittext                                inittext     00000
__Hintentry                                intentry     00002
__Hmaintext                                maintext     00000
__HnvBANK0                                 nvBANK0      00000
__Hpowerup                                 powerup      00000
__Hram                                     ram          00000
__Hreset_vec                               reset_vec    00002
__Hsfr0                                    sfr0         00000
__Hsfr1                                    sfr1         00000
__Hsfr10                                   sfr10        00000
__Hsfr11                                   sfr11        00000
__Hsfr12                                   sfr12        00000
__Hsfr13                                   sfr13        00000
__Hsfr14                                   sfr14        00000
__Hsfr15                                   sfr15        00000
__Hsfr16                                   sfr16        00000
__Hsfr17                                   sfr17        00000
__Hsfr18                                   sfr18        00000
__Hsfr19                                   sfr19        00000
__Hsfr2                                    sfr2         00000
__Hsfr20                                   sfr20        00000
__Hsfr21                                   sfr21        00000
__Hsfr22                                   sfr22        00000
__Hsfr23                                   sfr23        00000
__Hsfr24                                   sfr24        00000
__Hsfr25                                   sfr25        00000
__Hsfr26                                   sfr26        00000
__Hsfr27                                   sfr27        00000
__Hsfr28                                   sfr28        00000
__Hsfr29                                   sfr29        00000
__Hsfr3                                    sfr3         00000
__Hsfr30                                   sfr30        00000
__Hsfr31                                   sfr31        00000
__Hsfr4                                    sfr4         00000
__Hsfr5                                    sfr5         00000
__Hsfr6                                    sfr6         00000
__Hsfr7                                    sfr7         00000
__Hsfr8                                    sfr8         00000
__Hsfr9                                    sfr9         00000
__Hspace_0                                 (abs)        0800C
__Hspace_1                                 (abs)        0007E
__Hspace_2                                 (abs)        00000
__Hspace_3                                 (abs)        00000
__Hstack                                   stack        00000
__Hstrings                                 strings      00000
__Htext                                    text         00000
__Labs1                                    abs1         00000
__Lbank0                                   bank0        00000
__Lbank1                                   bank1        00000
__Lbank10                                  bank10       00000
__Lbank11                                  bank11       00000
__Lbank12                                  bank12       00000
__Lbank13                                  bank13       00000
__Lbank14                                  bank14       00000
__Lbank15                                  bank15       00000
__Lbank16                                  bank16       00000
__Lbank17                                  bank17       00000
__Lbank18                                  bank18       00000
__Lbank19                                  bank19       00000
__Lbank2                                   bank2        00000
__Lbank20                                  bank20       00000
__Lbank21                                  bank21       00000
__Lbank22                                  bank22       00000
__Lbank23                                  bank23       00000
__Lbank24                                  bank24       00000
__Lbank25                                  bank25       00000
__Lbank26                                  bank26       00000
__Lbank27                                  bank27       00000
__Lbank28                                  bank28       00000
__Lbank29                                  bank29       00000
__Lbank3                                   bank3        00000
__Lbank30                                  bank30       00000
__Lbank31                                  bank31       00000
__Lbank4                                   bank4        00000
__Lbank5                                   bank5        00000
__Lbank6                                   bank6        00000
__Lbank7                                   bank7        00000
__Lbank8                                   bank8        00000
__Lbank9                                   bank9        00000
__Lbigram                                  bigram       00000
__Lcinit                                   cinit        007F2
__Lclrtext                                 clrtext      00000
__Lcode                                    code         00000
__Lcommon                                  common       00000
__Lconfig                                  config       08007
__LcstackBANK0                             cstackBANK0  00000
__LcstackCOMMON                            cstackCOMMON 00000
__LdataBANK0                               dataBANK0    00000
__Leeprom_data                             eeprom_data  00000
__Lend_init                                end_init     00002
__Lfunctab                                 functab      00000
__LidataBANK0                              idataBANK0   00000
__Lidloc                                   idloc        00000
__Linit                                    init         00002
__Linittext                                inittext     00000
__Lintentry                                intentry     00002
__Lmaintext                                maintext     00000
__LnvBANK0                                 nvBANK0      00000
__Lpowerup                                 powerup      00000
__Lram                                     ram          00000
__Lreset_vec                               reset_vec    00000
__Lsfr0                                    sfr0         00000
__Lsfr1                                    sfr1         00000
__Lsfr10                                   sfr10        00000
__Lsfr11                                   sfr11        00000
__Lsfr12                                   sfr12        00000
__Lsfr13                                   sfr13        00000
__Lsfr14                                   sfr14        00000
__Lsfr15                                   sfr15        00000
__Lsfr16                                   sfr16        00000
__Lsfr17                                   sfr17        00000
__Lsfr18                                   sfr18        00000
__Lsfr19                                   sfr19        00000
__Lsfr2                                    sfr2         00000
__Lsfr20                                   sfr20        00000
__Lsfr21                                   sfr21        00000
__Lsfr22                                   sfr22        00000
__Lsfr23                                   sfr23        00000
__Lsfr24                                   sfr24        00000
__Lsfr25                                   sfr25        00000
__Lsfr26                                   sfr26        00000
__Lsfr27                                   sfr27        00000
__Lsfr28                                   sfr28        00000
__Lsfr29                                   sfr29        00000
__Lsfr3                                    sfr3         00000
__Lsfr30                                   sfr30        00000
__Lsfr31                                   sfr31        00000
__Lsfr4                                    sfr4         00000
__Lsfr5                                    sfr5         00000
__Lsfr6                                    sfr6         00000
__Lsfr7                                    sfr7         00000
__Lsfr8                                    sfr8         00000
__Lsfr9                                    sfr9         00000
__Lspace_0                                 (abs)        00000
__Lspace_1                                 (abs)        00000
__Lspace_2                                 (abs)        00000
__Lspace_3                                 (abs)        00000
__Lstack                                   stack        00000
__Lstrings                                 strings      00000
__Ltext                                    text         00000
__S0                                       (abs)        0800C
__S1                                       (abs)        0007E
__S2                                       (abs)        00000
__S3                                       (abs)        00000
___int_sp                                  stack        00000
___latbits                                 (abs)        00002
___lwdiv                                   text8        006F7
___lwdiv@counter                           cstackBANK0  00026
___lwdiv@dividend                          cstackBANK0  00022
___lwdiv@divisor                           cstackBANK0  00020
___lwdiv@quotient                          cstackBANK0  00024
___sp                                      stack        00000
___stackhi                                 (abs)        023EF
___stacklo                                 (abs)        02017
___wmul                                    text2        00665
___wmul@multiplicand                       cstackCOMMON 00072
___wmul@multiplier                         cstackCOMMON 00070
___wmul@product                            cstackCOMMON 00074
__end_of_NeoPixel_Stream                   text6        006C9
__end_of_OSCILLATOR_Initialize             text20       005B0
__end_of_PIN_MANAGER_Initialize            text19       006F7
__end_of_PMD_Initialize                    text18       005A7
__end_of_PWM7_Initialize                   text17       005CD
__end_of_PWM7_LoadDutyValue                text5        0064D
__end_of_SPI1_Initialize                   text16       00599
__end_of_SYSTEM_Initialize                 text12       00665
__end_of_TMR1_Initialize                   text15       00637
__end_of_TMR1_ReadTimer                    text11       0069E
__end_of_TMR1_StartSinglePulseAcquisition  text10       00593
__end_of_TMR1_WriteTimer                   text9        005EA
__end_of_TMR4_Initialize                   text14       005DB
__end_of_TMR6_Initialize                   text13       005FA
__end_of___lwdiv                           text8        0072C
__end_of___wmul                            text2        00680
__end_of__initialization                   cinit        007FD
__end_of_main                              maintext     00784
__end_of_send_pulse                        text7        005B9
__end_of_trigger_clear                     text4        0060E
__end_of_trigger_danger                    text3        00622
__end_of_trigger_warning                   text1        007F2
__initialization                           cinit        007F2
__pcstackBANK0                             cstackBANK0  00020
__pcstackCOMMON                            cstackCOMMON 00070
__pdataBANK0                               dataBANK0    0002C
__pidataBANK0                              idataBANK0   005B9
__pmaintext                                maintext     0072C
__pnvBANK0                                 nvBANK0      00035
__ptext1                                   text1        00784
__ptext10                                  text10       00590
__ptext11                                  text11       00680
__ptext12                                  text12       0064D
__ptext13                                  text13       005EA
__ptext14                                  text14       005CD
__ptext15                                  text15       00622
__ptext16                                  text16       00593
__ptext17                                  text17       005C2
__ptext18                                  text18       0059F
__ptext19                                  text19       006C9
__ptext2                                   text2        00665
__ptext20                                  text20       005A7
__ptext3                                   text3        0060E
__ptext4                                   text4        005FA
__ptext5                                   text5        00637
__ptext6                                   text6        0069E
__ptext7                                   text7        005B0
__ptext8                                   text8        006F7
__ptext9                                   text9        005DB
__size_of_NeoPixel_Stream                  (abs)        00000
__size_of_OSCILLATOR_Initialize            (abs)        00000
__size_of_PIN_MANAGER_Initialize           (abs)        00000
__size_of_PMD_Initialize                   (abs)        00000
__size_of_PWM7_Initialize                  (abs)        00000
__size_of_PWM7_LoadDutyValue               (abs)        00000
__size_of_SPI1_Initialize                  (abs)        00000
__size_of_SYSTEM_Initialize                (abs)        00000
__size_of_TMR1_Initialize                  (abs)        00000
__size_of_TMR1_ReadTimer                   (abs)        00000
__size_of_TMR1_StartSinglePulseAcquisition (abs)        00000
__size_of_TMR1_WriteTimer                  (abs)        00000
__size_of_TMR4_Initialize                  (abs)        00000
__size_of_TMR6_Initialize                  (abs)        00000
__size_of___lwdiv                          (abs)        00000
__size_of___wmul                           (abs)        00000
__size_of_main                             (abs)        00000
__size_of_send_pulse                       (abs)        00000
__size_of_trigger_clear                    (abs)        00000
__size_of_trigger_danger                   (abs)        00000
__size_of_trigger_warning                  (abs)        00000
_main                                      maintext     0072C
_send_pulse                                text7        005B0
_timer1ReloadVal                           nvBANK0      00035
_trigger_clear                             text4        005FA
_trigger_danger                            text3        0060E
_trigger_warning                           text1        00784
btemp                                      (abs)        0007E
end_of_initialization                      cinit        007FD
init_ram                                   inittext     00599
intlevel0                                  functab      00000
intlevel1                                  functab      00000
intlevel2                                  functab      00000
intlevel3                                  functab      00000
intlevel4                                  functab      00000
intlevel5                                  functab      00000
main@distance                              cstackBANK0  0002A
main@yellow_warning                        cstackBANK0  00028
reset_vec                                  reset_vec    00000
start                                      init         00002
start_initialization                       cinit        007F2
trigger_clear@F11894                       dataBANK0    0002C
trigger_clear@color                        cstackCOMMON 0007A
trigger_danger@F11885                      dataBANK0    00032
trigger_danger@color                       cstackCOMMON 0007A
trigger_warning@F11890                     dataBANK0    0002F
trigger_warning@color                      cstackBANK0  00020
trigger_warning@distance                   cstackCOMMON 0007A
trigger_warning@i                          cstackBANK0  00023
trigger_warning@yellow_warning             cstackBANK0  00025
wtemp0                                     (abs)        0007E


FUNCTION INFORMATION:

 *************** function _main *****************
 Defined at:
		line 99 in file "main.c"
 Parameters:    Size  Location     Type
		None
 Auto vars:     Size  Location     Type
  distance        2   10[BANK0 ] unsigned short 
  yellow_warni    2    8[BANK0 ] int 
 Return value:  Size  Location     Type
                  1    wreg      void 
 Registers used:
		wreg, fsr1l, fsr1h, status,2, status,0, pclath, cstack
 Tracked objects:
		On entry : 
		On exit  : 
		Unchanged: 
 Data sizes:     COMMON   BANK0   BANK1   BANK2   BANK3   BANK4   BANK5   BANK6   BANK7   BANK8   BANK9  BANK10  BANK11  BANK12
      Params:         0       0       0       0       0       0       0       0       0       0       0       0       0       0
      Locals:         0       4       0       0       0       0       0       0       0       0       0       0       0       0
      Temps:          0       1       0       0       0       0       0       0       0       0       0       0       0       0
      Totals:         0       5       0       0       0       0       0       0       0       0       0       0       0       0
Total ram usage:        5 bytes
 Hardware stack levels required when called:    2
 This function calls:
		_PWM7_Initialize
		_SYSTEM_Initialize
		_TMR1_ReadTimer
		_TMR1_StartSinglePulseAcquisition
		_TMR1_WriteTimer
		___lwdiv
		_send_pulse
		_trigger_clear
		_trigger_danger
		_trigger_warning
 This function is called by:
		Startup code after reset
 This function uses a non-reentrant model


 *************** function _trigger_warning *****************
 Defined at:
		line 76 in file "main.c"
 Parameters:    Size  Location     Type
  yellow_warni    1    wreg     PTR int 
		 -> main@yellow_warning(2), 
  distance        2   10[COMMON] unsigned short 
 Auto vars:     Size  Location     Type
  yellow_warni    1    5[BANK0 ] PTR int 
		 -> main@yellow_warning(2), 
  i               2    3[BANK0 ] int 
  color           3    0[BANK0 ] unsigned char [3]
 Return value:  Size  Location     Type
                  1    wreg      void 
 Registers used:
		wreg, fsr1l, fsr1h, status,2, status,0, pclath, cstack
 Tracked objects:
		On entry : 
		On exit  : 
		Unchanged: 
 Data sizes:     COMMON   BANK0   BANK1   BANK2   BANK3   BANK4   BANK5   BANK6   BANK7   BANK8   BANK9  BANK10  BANK11  BANK12
      Params:         2       0       0       0       0       0       0       0       0       0       0       0       0       0
      Locals:         0       6       0       0       0       0       0       0       0       0       0       0       0       0
      Temps:          2       0       0       0       0       0       0       0       0       0       0       0       0       0
      Totals:         4       6       0       0       0       0       0       0       0       0       0       0       0       0
Total ram usage:       10 bytes
 Hardware stack levels used:    1
 Hardware stack levels required when called:    1
 This function calls:
		_NeoPixel_Stream
		_PWM7_LoadDutyValue
		___wmul
 This function is called by:
		_main
 This function uses a non-reentrant model


 *************** function ___wmul *****************
 Defined at:
		line 15 in file "/Applications/microchip/xc8/v2.05/pic/sources/c99/common/Umul16.c"
 Parameters:    Size  Location     Type
  multiplier      2    0[COMMON] unsigned int 
  multiplicand    2    2[COMMON] unsigned int 
 Auto vars:     Size  Location     Type
  product         2    4[COMMON] unsigned int 
 Return value:  Size  Location     Type
                  2    0[COMMON] unsigned int 
 Registers used:
		wreg, status,2, status,0
 Tracked objects:
		On entry : 
		On exit  : 
		Unchanged: 
 Data sizes:     COMMON   BANK0   BANK1   BANK2   BANK3   BANK4   BANK5   BANK6   BANK7   BANK8   BANK9  BANK10  BANK11  BANK12
      Params:         4       0       0       0       0       0       0       0       0       0       0       0       0       0
      Locals:         2       0       0       0       0       0       0       0       0       0       0       0       0       0
      Temps:          0       0       0       0       0       0       0       0       0       0       0       0       0       0
      Totals:         6       0       0       0       0       0       0       0       0       0       0       0       0       0
Total ram usage:        6 bytes
 Hardware stack levels used:    1
 This function calls:
		Nothing
 This function is called by:
		_trigger_warning
 This function uses a non-reentrant model


 *************** function _trigger_danger *****************
 Defined at:
		line 70 in file "main.c"
 Parameters:    Size  Location     Type
		None
 Auto vars:     Size  Location     Type
  color           3   10[COMMON] unsigned char [3]
 Return value:  Size  Location     Type
                  1    wreg      void 
 Registers used:
		wreg, fsr1l, fsr1h, status,2, status,0, pclath, cstack
 Tracked objects:
		On entry : 
		On exit  : 
		Unchanged: 
 Data sizes:     COMMON   BANK0   BANK1   BANK2   BANK3   BANK4   BANK5   BANK6   BANK7   BANK8   BANK9  BANK10  BANK11  BANK12
      Params:         0       0       0       0       0       0       0       0       0       0       0       0       0       0
      Locals:         3       0       0       0       0       0       0       0       0       0       0       0       0       0
      Temps:          0       0       0       0       0       0       0       0       0       0       0       0       0       0
      Totals:         3       0       0       0       0       0       0       0       0       0       0       0       0       0
Total ram usage:        3 bytes
 Hardware stack levels used:    1
 Hardware stack levels required when called:    1
 This function calls:
		_NeoPixel_Stream
		_PWM7_LoadDutyValue
 This function is called by:
		_main
 This function uses a non-reentrant model


 *************** function _trigger_clear *****************
 Defined at:
		line 93 in file "main.c"
 Parameters:    Size  Location     Type
		None
 Auto vars:     Size  Location     Type
  color           3   10[COMMON] unsigned char [3]
 Return value:  Size  Location     Type
                  1    wreg      void 
 Registers used:
		wreg, fsr1l, fsr1h, status,2, status,0, pclath, cstack
 Tracked objects:
		On entry : 
		On exit  : 
		Unchanged: 
 Data sizes:     COMMON   BANK0   BANK1   BANK2   BANK3   BANK4   BANK5   BANK6   BANK7   BANK8   BANK9  BANK10  BANK11  BANK12
      Params:         0       0       0       0       0       0       0       0       0       0       0       0       0       0
      Locals:         3       0       0       0       0       0       0       0       0       0       0       0       0       0
      Temps:          0       0       0       0       0       0       0       0       0       0       0       0       0       0
      Totals:         3       0       0       0       0       0       0       0       0       0       0       0       0       0
Total ram usage:        3 bytes
 Hardware stack levels used:    1
 Hardware stack levels required when called:    1
 This function calls:
		_NeoPixel_Stream
		_PWM7_LoadDutyValue
 This function is called by:
		_main
 This function uses a non-reentrant model


 *************** function _PWM7_LoadDutyValue *****************
 Defined at:
		line 74 in file "mcc_generated_files/pwm7.c"
 Parameters:    Size  Location     Type
  dutyValue       2    6[COMMON] unsigned short 
 Auto vars:     Size  Location     Type
		None
 Return value:  Size  Location     Type
                  1    wreg      void 
 Registers used:
		wreg, status,2, status,0
 Tracked objects:
		On entry : 
		On exit  : 
		Unchanged: 
 Data sizes:     COMMON   BANK0   BANK1   BANK2   BANK3   BANK4   BANK5   BANK6   BANK7   BANK8   BANK9  BANK10  BANK11  BANK12
      Params:         2       0       0       0       0       0       0       0       0       0       0       0       0       0
      Locals:         0       0       0       0       0       0       0       0       0       0       0       0       0       0
      Temps:          2       0       0       0       0       0       0       0       0       0       0       0       0       0
      Totals:         4       0       0       0       0       0       0       0       0       0       0       0       0       0
Total ram usage:        4 bytes
 Hardware stack levels used:    1
 This function calls:
		Nothing
 This function is called by:
		_trigger_danger
		_trigger_warning
		_trigger_clear
 This function uses a non-reentrant model


 *************** function _NeoPixel_Stream *****************
 Defined at:
		line 56 in file "main.c"
 Parameters:    Size  Location     Type
  p               1    wreg     PTR unsigned char 
		 -> trigger_clear@color(3), trigger_warning@color(3), trigger_danger@color(3), 
  count           1    0[COMMON] unsigned char 
 Auto vars:     Size  Location     Type
  p               1    6[COMMON] PTR unsigned char 
		 -> trigger_clear@color(3), trigger_warning@color(3), trigger_danger@color(3), 
  bitCount        1    5[COMMON] unsigned char 
  data            1    4[COMMON] unsigned char 
 Return value:  Size  Location     Type
                  1    wreg      void 
 Registers used:
		wreg, fsr1l, fsr1h, status,2, status,0
 Tracked objects:
		On entry : 
		On exit  : 
		Unchanged: 
 Data sizes:     COMMON   BANK0   BANK1   BANK2   BANK3   BANK4   BANK5   BANK6   BANK7   BANK8   BANK9  BANK10  BANK11  BANK12
      Params:         1       0       0       0       0       0       0       0       0       0       0       0       0       0
      Locals:         5       0       0       0       0       0       0       0       0       0       0       0       0       0
      Temps:          1       0       0       0       0       0       0       0       0       0       0       0       0       0
      Totals:         7       0       0       0       0       0       0       0       0       0       0       0       0       0
Total ram usage:        7 bytes
 Hardware stack levels used:    1
 This function calls:
		Nothing
 This function is called by:
		_trigger_danger
		_trigger_warning
		_trigger_clear
 This function uses a non-reentrant model


 *************** function _send_pulse *****************
 Defined at:
		line 50 in file "main.c"
 Parameters:    Size  Location     Type
		None
 Auto vars:     Size  Location     Type
		None
 Return value:  Size  Location     Type
                  1    wreg      void 
 Registers used:
		wreg
 Tracked objects:
		On entry : 
		On exit  : 
		Unchanged: 
 Data sizes:     COMMON   BANK0   BANK1   BANK2   BANK3   BANK4   BANK5   BANK6   BANK7   BANK8   BANK9  BANK10  BANK11  BANK12
      Params:         0       0       0       0       0       0       0       0       0       0       0       0       0       0
      Locals:         0       0       0       0       0       0       0       0       0       0       0       0       0       0
      Temps:          0       0       0       0       0       0       0       0       0       0       0       0       0       0
      Totals:         0       0       0       0       0       0       0       0       0       0       0       0       0       0
Total ram usage:        0 bytes
 Hardware stack levels used:    1
 This function calls:
		Nothing
 This function is called by:
		_main
 This function uses a non-reentrant model


 *************** function ___lwdiv *****************
 Defined at:
		line 5 in file "/Applications/microchip/xc8/v2.05/pic/sources/c99/common/lwdiv.c"
 Parameters:    Size  Location     Type
  divisor         2    0[BANK0 ] unsigned int 
  dividend        2    2[BANK0 ] unsigned int 
 Auto vars:     Size  Location     Type
  quotient        2    4[BANK0 ] unsigned int 
  counter         1    6[BANK0 ] unsigned char 
 Return value:  Size  Location     Type
                  2    0[BANK0 ] unsigned int 
 Registers used:
		wreg, status,2, status,0
 Tracked objects:
		On entry : 
		On exit  : 
		Unchanged: 
 Data sizes:     COMMON   BANK0   BANK1   BANK2   BANK3   BANK4   BANK5   BANK6   BANK7   BANK8   BANK9  BANK10  BANK11  BANK12
      Params:         0       4       0       0       0       0       0       0       0       0       0       0       0       0
      Locals:         0       3       0       0       0       0       0       0       0       0       0       0       0       0
      Temps:          1       0       0       0       0       0       0       0       0       0       0       0       0       0
      Totals:         1       7       0       0       0       0       0       0       0       0       0       0       0       0
Total ram usage:        8 bytes
 Hardware stack levels used:    1
 This function calls:
		Nothing
 This function is called by:
		_main
 This function uses a non-reentrant model


 *************** function _TMR1_WriteTimer *****************
 Defined at:
		line 120 in file "mcc_generated_files/tmr1.c"
 Parameters:    Size  Location     Type
  timerVal        2    0[COMMON] unsigned short 
 Auto vars:     Size  Location     Type
		None
 Return value:  Size  Location     Type
                  1    wreg      void 
 Registers used:
		wreg, status,2
 Tracked objects:
		On entry : 
		On exit  : 
		Unchanged: 
 Data sizes:     COMMON   BANK0   BANK1   BANK2   BANK3   BANK4   BANK5   BANK6   BANK7   BANK8   BANK9  BANK10  BANK11  BANK12
      Params:         2       0       0       0       0       0       0       0       0       0       0       0       0       0
      Locals:         0       0       0       0       0       0       0       0       0       0       0       0       0       0
      Temps:          0       0       0       0       0       0       0       0       0       0       0       0       0       0
      Totals:         2       0       0       0       0       0       0       0       0       0       0       0       0       0
Total ram usage:        2 bytes
 Hardware stack levels used:    1
 This function calls:
		Nothing
 This function is called by:
		_main
		_TMR1_Reload
 This function uses a non-reentrant model


 *************** function _TMR1_StartSinglePulseAcquisition *****************
 Defined at:
		line 147 in file "mcc_generated_files/tmr1.c"
 Parameters:    Size  Location     Type
		None
 Auto vars:     Size  Location     Type
		None
 Return value:  Size  Location     Type
                  1    wreg      void 
 Registers used:
		None
 Tracked objects:
		On entry : 
		On exit  : 
		Unchanged: 
 Data sizes:     COMMON   BANK0   BANK1   BANK2   BANK3   BANK4   BANK5   BANK6   BANK7   BANK8   BANK9  BANK10  BANK11  BANK12
      Params:         0       0       0       0       0       0       0       0       0       0       0       0       0       0
      Locals:         0       0       0       0       0       0       0       0       0       0       0       0       0       0
      Temps:          0       0       0       0       0       0       0       0       0       0       0       0       0       0
      Totals:         0       0       0       0       0       0       0       0       0       0       0       0       0       0
Total ram usage:        0 bytes
 Hardware stack levels used:    1
 This function calls:
		Nothing
 This function is called by:
		_main
 This function uses a non-reentrant model


 *************** function _TMR1_ReadTimer *****************
 Defined at:
		line 104 in file "mcc_generated_files/tmr1.c"
 Parameters:    Size  Location     Type
		None
 Auto vars:     Size  Location     Type
  readVal         2    7[COMMON] unsigned short 
  readValLow      1   10[COMMON] unsigned char 
  readValHigh     1    9[COMMON] unsigned char 
 Return value:  Size  Location     Type
                  2    0[COMMON] unsigned short 
 Registers used:
		wreg
 Tracked objects:
		On entry : 
		On exit  : 
		Unchanged: 
 Data sizes:     COMMON   BANK0   BANK1   BANK2   BANK3   BANK4   BANK5   BANK6   BANK7   BANK8   BANK9  BANK10  BANK11  BANK12
      Params:         2       0       0       0       0       0       0       0       0       0       0       0       0       0
      Locals:         4       0       0       0       0       0       0       0       0       0       0       0       0       0
      Temps:          5       0       0       0       0       0       0       0       0       0       0       0       0       0
      Totals:        11       0       0       0       0       0       0       0       0       0       0       0       0       0
Total ram usage:       11 bytes
 Hardware stack levels used:    1
 This function calls:
		Nothing
 This function is called by:
		_main
 This function uses a non-reentrant model


 *************** function _SYSTEM_Initialize *****************
 Defined at:
		line 50 in file "mcc_generated_files/mcc.c"
 Parameters:    Size  Location     Type
		None
 Auto vars:     Size  Location     Type
		None
 Return value:  Size  Location     Type
                  1    wreg      void 
 Registers used:
		wreg, status,2, status,0, pclath, cstack
 Tracked objects:
		On entry : 
		On exit  : 
		Unchanged: 
 Data sizes:     COMMON   BANK0   BANK1   BANK2   BANK3   BANK4   BANK5   BANK6   BANK7   BANK8   BANK9  BANK10  BANK11  BANK12
      Params:         0       0       0       0       0       0       0       0       0       0       0       0       0       0
      Locals:         0       0       0       0       0       0       0       0       0       0       0       0       0       0
      Temps:          0       0       0       0       0       0       0       0       0       0       0       0       0       0
      Totals:         0       0       0       0       0       0       0       0       0       0       0       0       0       0
Total ram usage:        0 bytes
 Hardware stack levels used:    1
 Hardware stack levels required when called:    1
 This function calls:
		_OSCILLATOR_Initialize
		_PIN_MANAGER_Initialize
		_PMD_Initialize
		_PWM7_Initialize
		_SPI1_Initialize
		_TMR1_Initialize
		_TMR4_Initialize
		_TMR6_Initialize
 This function is called by:
		_main
 This function uses a non-reentrant model


 *************** function _TMR6_Initialize *****************
 Defined at:
		line 62 in file "mcc_generated_files/tmr6.c"
 Parameters:    Size  Location     Type
		None
 Auto vars:     Size  Location     Type
		None
 Return value:  Size  Location     Type
                  1    wreg      void 
 Registers used:
		wreg, status,2
 Tracked objects:
		On entry : 
		On exit  : 
		Unchanged: 
 Data sizes:     COMMON   BANK0   BANK1   BANK2   BANK3   BANK4   BANK5   BANK6   BANK7   BANK8   BANK9  BANK10  BANK11  BANK12
      Params:         0       0       0       0       0       0       0       0       0       0       0       0       0       0
      Locals:         0       0       0       0       0       0       0       0       0       0       0       0       0       0
      Temps:          0       0       0       0       0       0       0       0       0       0       0       0       0       0
      Totals:         0       0       0       0       0       0       0       0       0       0       0       0       0       0
Total ram usage:        0 bytes
 Hardware stack levels used:    1
 This function calls:
		Nothing
 This function is called by:
		_SYSTEM_Initialize
 This function uses a non-reentrant model


 *************** function _TMR4_Initialize *****************
 Defined at:
		line 62 in file "mcc_generated_files/tmr4.c"
 Parameters:    Size  Location     Type
		None
 Auto vars:     Size  Location     Type
		None
 Return value:  Size  Location     Type
                  1    wreg      void 
 Registers used:
		wreg, status,2
 Tracked objects:
		On entry : 
		On exit  : 
		Unchanged: 
 Data sizes:     COMMON   BANK0   BANK1   BANK2   BANK3   BANK4   BANK5   BANK6   BANK7   BANK8   BANK9  BANK10  BANK11  BANK12
      Params:         0       0       0       0       0       0       0       0       0       0       0       0       0       0
      Locals:         0       0       0       0       0       0       0       0       0       0       0       0       0       0
      Temps:          0       0       0       0       0       0       0       0       0       0       0       0       0       0
      Totals:         0       0       0       0       0       0       0       0       0       0       0       0       0       0
Total ram usage:        0 bytes
 Hardware stack levels used:    1
 This function calls:
		Nothing
 This function is called by:
		_SYSTEM_Initialize
 This function uses a non-reentrant model


 *************** function _TMR1_Initialize *****************
 Defined at:
		line 63 in file "mcc_generated_files/tmr1.c"
 Parameters:    Size  Location     Type
		None
 Auto vars:     Size  Location     Type
		None
 Return value:  Size  Location     Type
                  1    wreg      void 
 Registers used:
		wreg, status,2
 Tracked objects:
		On entry : 
		On exit  : 
		Unchanged: 
 Data sizes:     COMMON   BANK0   BANK1   BANK2   BANK3   BANK4   BANK5   BANK6   BANK7   BANK8   BANK9  BANK10  BANK11  BANK12
      Params:         0       0       0       0       0       0       0       0       0       0       0       0       0       0
      Locals:         0       0       0       0       0       0       0       0       0       0       0       0       0       0
      Temps:          0       0       0       0       0       0       0       0       0       0       0       0       0       0
      Totals:         0       0       0       0       0       0       0       0       0       0       0       0       0       0
Total ram usage:        0 bytes
 Hardware stack levels used:    1
 This function calls:
		Nothing
 This function is called by:
		_SYSTEM_Initialize
 This function uses a non-reentrant model


 *************** function _SPI1_Initialize *****************
 Defined at:
		line 65 in file "mcc_generated_files/spi1.c"
 Parameters:    Size  Location     Type
		None
 Auto vars:     Size  Location     Type
		None
 Return value:  Size  Location     Type
                  1    wreg      void 
 Registers used:
		wreg, status,2
 Tracked objects:
		On entry : 
		On exit  : 
		Unchanged: 
 Data sizes:     COMMON   BANK0   BANK1   BANK2   BANK3   BANK4   BANK5   BANK6   BANK7   BANK8   BANK9  BANK10  BANK11  BANK12
      Params:         0       0       0       0       0       0       0       0       0       0       0       0       0       0
      Locals:         0       0       0       0       0       0       0       0       0       0       0       0       0       0
      Temps:          0       0       0       0       0       0       0       0       0       0       0       0       0       0
      Totals:         0       0       0       0       0       0       0       0       0       0       0       0       0       0
Total ram usage:        0 bytes
 Hardware stack levels used:    1
 This function calls:
		Nothing
 This function is called by:
		_SYSTEM_Initialize
 This function uses a non-reentrant model


 *************** function _PWM7_Initialize *****************
 Defined at:
		line 58 in file "mcc_generated_files/pwm7.c"
 Parameters:    Size  Location     Type
		None
 Auto vars:     Size  Location     Type
		None
 Return value:  Size  Location     Type
                  1    wreg      void 
 Registers used:
		wreg, status,2, status,0
 Tracked objects:
		On entry : 
		On exit  : 
		Unchanged: 
 Data sizes:     COMMON   BANK0   BANK1   BANK2   BANK3   BANK4   BANK5   BANK6   BANK7   BANK8   BANK9  BANK10  BANK11  BANK12
      Params:         0       0       0       0       0       0       0       0       0       0       0       0       0       0
      Locals:         0       0       0       0       0       0       0       0       0       0       0       0       0       0
      Temps:          0       0       0       0       0       0       0       0       0       0       0       0       0       0
      Totals:         0       0       0       0       0       0       0       0       0       0       0       0       0       0
Total ram usage:        0 bytes
 Hardware stack levels used:    1
 This function calls:
		Nothing
 This function is called by:
		_SYSTEM_Initialize
		_main
 This function uses a non-reentrant model


 *************** function _PMD_Initialize *****************
 Defined at:
		line 76 in file "mcc_generated_files/mcc.c"
 Parameters:    Size  Location     Type
		None
 Auto vars:     Size  Location     Type
		None
 Return value:  Size  Location     Type
                  1    wreg      void 
 Registers used:
		status,2
 Tracked objects:
		On entry : 
		On exit  : 
		Unchanged: 
 Data sizes:     COMMON   BANK0   BANK1   BANK2   BANK3   BANK4   BANK5   BANK6   BANK7   BANK8   BANK9  BANK10  BANK11  BANK12
      Params:         0       0       0       0       0       0       0       0       0       0       0       0       0       0
      Locals:         0       0       0       0       0       0       0       0       0       0       0       0       0       0
      Temps:          0       0       0       0       0       0       0       0       0       0       0       0       0       0
      Totals:         0       0       0       0       0       0       0       0       0       0       0       0       0       0
Total ram usage:        0 bytes
 Hardware stack levels used:    1
 This function calls:
		Nothing
 This function is called by:
		_SYSTEM_Initialize
 This function uses a non-reentrant model


 *************** function _PIN_MANAGER_Initialize *****************
 Defined at:
		line 55 in file "mcc_generated_files/pin_manager.c"
 Parameters:    Size  Location     Type
		None
 Auto vars:     Size  Location     Type
		None
 Return value:  Size  Location     Type
                  1    wreg      void 
 Registers used:
		wreg, status,2
 Tracked objects:
		On entry : 
		On exit  : 
		Unchanged: 
 Data sizes:     COMMON   BANK0   BANK1   BANK2   BANK3   BANK4   BANK5   BANK6   BANK7   BANK8   BANK9  BANK10  BANK11  BANK12
      Params:         0       0       0       0       0       0       0       0       0       0       0       0       0       0
      Locals:         0       0       0       0       0       0       0       0       0       0       0       0       0       0
      Temps:          0       0       0       0       0       0       0       0       0       0       0       0       0       0
      Totals:         0       0       0       0       0       0       0       0       0       0       0       0       0       0
Total ram usage:        0 bytes
 Hardware stack levels used:    1
 This function calls:
		Nothing
 This function is called by:
		_SYSTEM_Initialize
 This function uses a non-reentrant model


 *************** function _OSCILLATOR_Initialize *****************
 Defined at:
		line 62 in file "mcc_generated_files/mcc.c"
 Parameters:    Size  Location     Type
		None
 Auto vars:     Size  Location     Type
		None
 Return value:  Size  Location     Type
                  1    wreg      void 
 Registers used:
		wreg, status,2
 Tracked objects:
		On entry : 
		On exit  : 
		Unchanged: 
 Data sizes:     COMMON   BANK0   BANK1   BANK2   BANK3   BANK4   BANK5   BANK6   BANK7   BANK8   BANK9  BANK10  BANK11  BANK12
      Params:         0       0       0       0       0       0       0       0       0       0       0       0       0       0
      Locals:         0       0       0       0       0       0       0       0       0       0       0       0       0       0
      Temps:          0       0       0       0       0       0       0       0       0       0       0       0       0       0
      Totals:         0       0       0       0       0       0       0       0       0       0       0       0       0       0
Total ram usage:        0 bytes
 Hardware stack levels used:    1
 This function calls:
		Nothing
 This function is called by:
		_SYSTEM_Initialize
 This function uses a non-reentrant model



MODULE INFORMATION

Module		Function		Class		Link	Load	Size
mcc_generated_files/tmr6.c
		_TMR6_Initialize		CODE           	05EA	0000	17

mcc_generated_files/tmr6.c estimated size: 17

mcc_generated_files/tmr4.c
		_TMR4_Initialize		CODE           	05CD	0000	15

mcc_generated_files/tmr4.c estimated size: 15

/Applications/microchip/xc8/v2.05/pic/sources/c99/common/lwdiv.c
		___lwdiv       		CODE           	06F7	0000	54

/Applications/microchip/xc8/v2.05/pic/sources/c99/common/lwdiv.c estimated size: 54

mcc_generated_files/pin_manager.c
		_PIN_MANAGER_Initialize		CODE           	06C9	0000	47

mcc_generated_files/pin_manager.c estimated size: 47

mcc_generated_files/spi1.c
		_SPI1_Initialize		CODE           	0593	0000	7

mcc_generated_files/spi1.c estimated size: 7

mcc_generated_files/pwm7.c
		_PWM7_LoadDutyValue		CODE           	0637	0000	23
		_PWM7_Initialize		CODE           	05C2	0000	12

mcc_generated_files/pwm7.c estimated size: 35

shared
		__initialization		CODE           	07F2	0000	12

shared estimated size: 12

mcc_generated_files/mcc.c
		_PMD_Initialize		CODE           	059F	0000	9
		_OSCILLATOR_Initialize		CODE           	05A7	0000	10
		_SYSTEM_Initialize		CODE           	064D	0000	25

mcc_generated_files/mcc.c estimated size: 44

/Applications/microchip/xc8/v2.05/pic/sources/c99/common/Umul16.c
		___wmul        		CODE           	0665	0000	28

/Applications/microchip/xc8/v2.05/pic/sources/c99/common/Umul16.c estimated size: 28

mcc_generated_files/tmr1.c
		_TMR1_Initialize		CODE           	0622	0000	22
		_TMR1_StartSinglePulseAcquisition		CODE           	0590	0000	4
		_TMR1_WriteTimer		CODE           	05DB	0000	16
		_TMR1_ReadTimer		CODE           	0680	0000	31

mcc_generated_files/tmr1.c estimated size: 73

main.c
		_NeoPixel_Stream		CODE           	069E	0000	44
		_trigger_clear 		CODE           	05FA	0000	21
		_send_pulse    		CODE           	05B0	0000	10
		_main          		CODE           	072C	0000	89
		_trigger_danger		CODE           	060E	0000	21
		_trigger_warning		CODE           	0784	0000	111

main.c estimated size: 296

